separator_stripped	Allo Mahar
separator_stripped	Amb Temples (Amb Sharif)
separator_stripped	Bari Imam
separator_stripped	Bhagnari Mandir
separator_stripped	Bhai Sant Thawan Das Mandir
separator_stripped	Bhit (Bhit Shah)
separator_stripped	Churrio Jabal Durga Mata Temple
separator_stripped	Darbar Ghamkol Sharif (Zinda Pir)
separator_stripped	Darbar Hazrat Khawaja Shah Muhammad Sulaiman Taunsvi (R.A)
separator_stripped	Darbar Sakhi Shah Chan Charagh
separator_stripped	Dargah / Roza Sufi Shah Inayat Shaheed
separator_stripped	Dargah Fateh Pur Sharif
spelling:Qadiri	Dargah Fateh Pur Sharif
separator_stripped	Dargah of Khwaja Muhammad Zaman (Luari Sharif)
note_lifted	Dargah of Khwaja Muhammad Zaman (Luari Sharif)
separator_stripped	Dargah of Pir Muhammad Rashid (Roze Dhani), Pir Jo Goth
separator_stripped	Dargah Pir Ratan Nath Jee
separator_stripped	Darya Lal Mandir (Darya Lal Sankat Mochan Mandir)
separator_stripped	Data Darbar
survey_bib_deduped	Data Darbar
separator_stripped	Eidgah Sharif
separator_stripped	Garh Maharaja (Shorkot)
separator_stripped	Golra Sharif
separator_stripped	Gorakhnath (Goraknath) Temple
separator_stripped	Gori Temple (Gori jo Mandar)
separator_stripped	Gurdas Ram Mandir
separator_stripped	Gurdwara Babay De Ber
separator_stripped	Gurdwara Babay Nanki
separator_stripped	Gurdwara Balila Sahib (Bal Lila Sahib)
separator_stripped	Gurdwara Baoli Sahib (Guru Arjan Dev Ji), Lahore
separator_stripped	Gurdwara Bhai Beba Singh
separator_stripped	Gurdwara Bhai Joga Singh
separator_stripped	Gurdwara Chakki Sahib
separator_stripped	Gurdwara Chhevin Patshahi, Chitti Gatti
note_lifted	Gurdwara Chhevin Patshahi, Chitti Gatti
separator_stripped	Gurdwara Chhevin Patshahi, Jhalian (Jhalian Dhilwan)
separator_stripped	Gurdwara Choa Sahib
separator_stripped	Gurdwara Darbar Sahib Kartarpur
separator_stripped	Gurdwara Dash Mesh Pita
separator_stripped	Gurdwara Dera Sahib
separator_stripped	Gurdwara Guru Ram Das Ji
separator_stripped	Gurdwara Khoohi Bhai Lalo (Bhai Lalo di Khooi)
separator_stripped	Gurdwara Malji Sahib
separator_stripped	Gurdwara Panja Sahib
separator_stripped	Gurdwara Panjvi Chati Patshahi
separator_stripped	Gurdwara Patshahi Chhevin (Hadiara), Lahore
separator_stripped	Gurdwara Patti Sahib
separator_stripped	Gurdwara Pehli Patshahi (Jind Pir), Sukkur
separator_stripped	Gurdwara Rori Sahib
separator_stripped	Gurdwara Sach Khand Sahib
separator_stripped	Gurdwara Sacha Sauda
separator_stripped	Gurdwara Sahib Saidpur (Guru Nanak Dev Ji)
separator_stripped	Gurdwara Shaheed Bhai Taru Singh
separator_stripped	Gurdwara Shaheed Ganj Singh Singhnian
separator_stripped	Gurdwara Singh Sabha
separator_stripped	Gurdwara Sri Kiara Sahib
separator_stripped	Gurdwara Sri Tilganji Sahib
note_lifted	Gurdwara Sri Tilganji Sahib
separator_stripped	Gurdwara Tambo Sahib
separator_stripped	Guru Gurpat Mandir (DB-80 Sirey Ghat)
separator_stripped	Gurudwara Janam Asthan Nankana Sahib
separator_stripped	Jagannath Temple, Sialkot
separator_stripped	Jain Mandir, Lahore
separator_stripped	Jhollay Lal Mandir
separator_stripped	Kali Bari Mandir
separator_stripped	Kalka Cave Temple (Asthan of Kalka Devi)
spelling:Sindh	Kalka Cave Temple (Asthan of Kalka Devi)
separator_stripped	Katas Raj Temples
separator_stripped	Khatwari Darbar, Shikarpur
separator_stripped	Krishna Mandir (Kabari Bazar)
separator_stripped	Krishna Mandir (Ravi Road)
separator_stripped	Lal Kurti Temple (Balmiki Mandir), Rawalpindi
separator_stripped	Lal Shahbaz Qalandar
separator_stripped	Langer Makhdoom
separator_stripped	Loh Temple (Lava Temple)
separator_stripped	Mausoleum of Waris Shah
separator_stripped	Mazar of Bulleh Shah
spelling:Qadiri	Mazar of Bulleh Shah
separator_stripped	Mithankot (Kot Mithan)
separator_stripped	Mohra Sharif (Khanqah)
separator_stripped	Nagarparkar Jain Temples (Nagarparkar Cultural Landscape)
separator_stripped	Panj Tirath
separator_stripped	Parnami Mandir
separator_stripped	Prahladpuri Temple
separator_stripped	Purana Bhalwal
separator_stripped	Rahman Baba Mausoleum (Rehman Baba Shrine)
separator_stripped	Ram Mandir, Saidpur (Ram Kund Mandir)
separator_stripped	Ramapir Temple, Tando Allahyar
separator_stripped	Ranmal Sharif
separator_stripped	Sadh Belo (Sadh Belo Island Temple)
separator_stripped	Sain Vali Vilayat Rai Darbar, Kambar
separator_stripped	Sakhi Sarwar
separator_stripped	Samadhi of Maharaja Ranjit Singh
separator_stripped	Sant Baba Asudaram Darbar (Panno Aqil)
separator_stripped	Sant Baba Bhagat Ram Darbar Mandir
separator_stripped	Sant Bhagat Kanwar Ram Temple (Chak)
separator_stripped	Sant Satram Dham, Raharki (Sacho Satram / Devri Sahib)
separator_stripped	Sevapanthi Darbar (Bhai Gurdas), Gandava
separator_stripped	Shah Noorani Shrine (Syed Bilawal Shah Noorani)
separator_stripped	Shah Yousuf
separator_stripped	Shahwala Teja Singh Mandir
separator_stripped	Shaktipeeth Shri Hinglaj Mata Mandir
separator_stripped	Shamsabad
separator_stripped	Sharada Peeth
separator_stripped	Shergarh
separator_stripped	Shiv Mandir Chiti Ghati
separator_stripped	Shree Ratneshwar Mahadev Temple, Karachi
separator_stripped	Shri Laxmi Narayan Mandir (Native Jetty Bridge)
separator_stripped	Shri Panchmukhi Hanuman Mandir (Karachi)
separator_stripped	Shri Swaminarayan Mandir, Karachi
separator_stripped	Shri Varun Dev Mandir
spelling:Sindh	Shri Varun Dev Mandir
separator_stripped	Shrine at Odero Lal (Udero Lal Teerath Asthan)
separator_stripped	Shrine of Abdullah Shah Ghazi
separator_stripped	Shrine of Abul Faiz Qalander Ali Suharwardi
survey_bib_deduped	Shrine of Abul Faiz Qalander Ali Suharwardi
spelling:Sindh	Shrine of Abul Faiz Qalander Ali Suharwardi
separator_stripped	Shrine of Akhund Darweza Baba
separator_stripped	Shrine of Akhund Panju Baba
separator_stripped	Shrine of Baba Shah Chiragh
separator_stripped	Shrine of Baba Shah Kamal
spelling:Qadiri	Shrine of Baba Shah Kamal
separator_stripped	Shrine of Bahauddin Zakariya
spelling:Sindh	Shrine of Bahauddin Zakariya
separator_stripped	Shrine of Bibi Pak Daman
survey_bib_deduped	Shrine of Bibi Pak Daman
spelling:Sindh	Shrine of Bibi Pak Daman
separator_stripped	Shrine of Fariduddin Ganjshakar
separator_stripped	Shrine of Ganj e Inayat Sarkar
survey_bib_deduped	Shrine of Ganj e Inayat Sarkar
spelling:Qadiri	Shrine of Ganj e Inayat Sarkar
separator_stripped	Shrine of Hafiz Muhammad Jamal Multani
separator_stripped	Shrine of Hazrat Madho Lal Hussain (Shah Hussain Darbar)
survey_bib_deduped	Shrine of Hazrat Madho Lal Hussain (Shah Hussain Darbar)
separator_stripped	Shrine of Hazrat Muhammad Ayub Shah Bukhari
separator_stripped	Shrine of Hazrat Shah Ali Akbar (Shah Ali Akbar Shamsi)
separator_stripped	Shrine of Hazrat Shah Daula Daryai
separator_stripped	Shrine of Imam Ali-ul-Haq
separator_stripped	Shrine of Jalaluddin Surkh-Posh Bukhari (Jalaluddin Bukhari)
spelling:Sindh	Shrine of Jalaluddin Surkh-Posh Bukhari (Jalaluddin Bukhari)
separator_stripped	Shrine of Lakhi Shah Saddar
spelling:Sindh	Shrine of Lakhi Shah Saddar
separator_stripped	Shrine of Makhdoom Abdul Rahim Girhori
separator_stripped	Shrine of Makhdoom Jahaniyan Jahangasht
spelling:Sindh	Shrine of Makhdoom Jahaniyan Jahangasht
separator_stripped	Shrine of Makhdoom Nooh (Hala)
separator_stripped	Shrine of Mauj Darya Bukhari
separator_stripped	Shrine of Mian Mir
survey_bib_deduped	Shrine of Mian Mir
spelling:Sindh	Shrine of Mian Mir
separator_stripped	Shrine of Mian Umar Baba (Chamkani)
separator_stripped	Shrine of Miran Hussain Zanjani (Zanjani Sahib)
separator_stripped	Shrine of Peer Makki
separator_stripped	Shrine of Pir Baba (Syed Ali Tirmizi)
separator_stripped	Shrine of Pir Chhatal Shah Noorani
separator_stripped	Shrine of Pir Lakha (Aab-e-Shifa), Jhal Magsi
separator_stripped	Shrine of Pir Mangho
separator_stripped	Shrine of Pir Sher Muhammad
separator_stripped	Shrine of Qalandar Baba Auliya
separator_stripped	Shrine of Sachal Sarmast
separator_stripped	Shrine of Shah Abdul Karim Bulri
separator_stripped	Shrine of Shah Inayat Qadiri
separator_stripped	Shrine of Shah Jamal
separator_stripped	Shrine of Shah Rukn-e-Alam
separator_stripped	Shrine of Shah Shams-ud-Din Sabzwari
separator_stripped	Shrine of Shah Yusaf Gardez
separator_stripped	Shrine of Syed Musa Pak
separator_stripped	Sial Sharif
separator_stripped	Swami Dharmdas Darbar, Larkana (Kennedy Market)
separator_stripped	Tilla Jogian
separator_stripped	Tomb of Allama Iqbal (Mazar-e-Iqbal)
survey_bib_deduped	Tomb of Allama Iqbal (Mazar-e-Iqbal)
spelling:Sindh	Tomb of Allama Iqbal (Mazar-e-Iqbal)
separator_stripped	Tomb of Baha'al-Halim (Uch Sharif)
separator_stripped	Tomb of Javindi Bibi
separator_stripped	Tomb of Qutbuddin Aibak
separator_stripped	Tomb of Ustad Nuriya
note_lifted	Tomb of Ustad Nuriya
separator_stripped	Umarkot (Amarkot) Shiv Mandir
spelling:Sindh	Umarkot (Amarkot) Shiv Mandir
separator_stripped	Valmik Mandir (Naqi Road)
separator_stripped	Valmiki Swamiji Mandir (Gracy Lines), Rawalpindi
separator_stripped	Wadpagga Sharif
separator_stripped	Ziarat Kaka Sahib
